// Jest Snapshot v1, https://goo.gl/fbAQLP

exports[`render input 1`] = `
<input
  class="form-control "
  data-bind="value: $data.name, valueUpdate: 'keyup'"
  placeholder=""
/>
`;

exports[`render label 1`] = `
<label
  class=" "
/>
`;
